python : INFO:__main__:Starting 
SevenXT Backend Server...
At line:1 char:1
+ python start.py 2>&1 | 
Tee-Object -FilePath 
error_log.txt
+ ~~~~~~~~~~~~~~~~~~~~
    + CategoryInfo          : No 
   tSpecified: (INFO:__main__:S  
  ...ckend Server...:String) [   
 ], RemoteException
    + FullyQualifiedErrorId : Na 
   tiveCommandError
 
INFO:__main__:Configured for 
large file uploads (up to 100MB)
INFO:app.modules.auth.sendgrid_ut
ils:
C:\Users\kalee\AppData\Local\Prog
rams\Python\Python311\Lib\site-pa
ckages\pydantic\_internal\_config
.py:317: UserWarning: Valid 
config keys have changed in V2:
* 'orm_mode' has been renamed to 
'from_attributes'
  warnings.warn(message, 
UserWarning)
INFO:     Started server process 
[5864]
INFO:     Waiting for 
application startup.
INFO:app.main:Database tables 
created/verified successfully
INFO:app.main:Started background 
task for offer expiration
INFO:app.main:\u2705 Database 
tables verified
INFO:app.main:\u2705 Background 
tasks started
INFO:     Application startup 
complete.
ERROR:    [Errno 10048] error 
while attempting to bind on 
address ('0.0.0.0', 8001): only 
one usage of each socket address 
(protocol/network address/port) 
is normally permitted
INFO:     Waiting for 
application shutdown.
INFO:     Application shutdown 
complete.
